---
source: src/input/tests.rs
expression: output
---
[
    Ok(
        Tx {
            client_id: ClientId(
                1,
            ),
            tx_id: TxId(
                1,
            ),
            kind: Deposit(
                TxDeposit {
                    amount_deposited: PositiveAmount(
                        1.0,
                    ),
                },
            ),
        },
    ),
    Err(
        Error(
            Deserialize {
                pos: Some(
                    Position {
                        byte: 59,
                        line: 3,
                        record: 2,
                    },
                ),
                err: DeserializeError {
                    field: None,
                    kind: Message(
                        "expected positive amount; got: 0.0",
                    ),
                },
            },
        ),
    ),
    Err(
        Error(
            Deserialize {
                pos: Some(
                    Position {
                        byte: 87,
                        line: 4,
                        record: 3,
                    },
                ),
                err: DeserializeError {
                    field: None,
                    kind: Message(
                        "expected positive amount; got: -1.0",
                    ),
                },
            },
        ),
    ),
    Ok(
        Tx {
            client_id: ClientId(
                2,
            ),
            tx_id: TxId(
                4,
            ),
            kind: Deposit(
                TxDeposit {
                    amount_deposited: PositiveAmount(
                        1.0,
                    ),
                },
            ),
        },
    ),
    Err(
        Error(
            Deserialize {
                pos: Some(
                    Position {
                        byte: 142,
                        line: 6,
                        record: 5,
                    },
                ),
                err: DeserializeError {
                    field: None,
                    kind: Message(
                        "expected positive amount; got: 0.0",
                    ),
                },
            },
        ),
    ),
    Err(
        Error(
            Deserialize {
                pos: Some(
                    Position {
                        byte: 168,
                        line: 7,
                        record: 6,
                    },
                ),
                err: DeserializeError {
                    field: None,
                    kind: Message(
                        "expected positive amount; got: -1.0",
                    ),
                },
            },
        ),
    ),
    Ok(
        Tx {
            client_id: ClientId(
                3,
            ),
            tx_id: TxId(
                7,
            ),
            kind: Deposit(
                TxDeposit {
                    amount_deposited: PositiveAmount(
                        1.0,
                    ),
                },
            ),
        },
    ),
    Ok(
        Tx {
            client_id: ClientId(
                3,
            ),
            tx_id: TxId(
                8,
            ),
            kind: Deposit(
                TxDeposit {
                    amount_deposited: PositiveAmount(
                        1.0001,
                    ),
                },
            ),
        },
    ),
    Err(
        Error(
            Deserialize {
                pos: Some(
                    Position {
                        byte: 257,
                        line: 10,
                        record: 9,
                    },
                ),
                err: DeserializeError {
                    field: None,
                    kind: Message(
                        "requested precision is too high",
                    ),
                },
            },
        ),
    ),
    Err(
        Error(
            Deserialize {
                pos: Some(
                    Position {
                        byte: 289,
                        line: 11,
                        record: 10,
                    },
                ),
                err: DeserializeError {
                    field: None,
                    kind: Message(
                        "requested precision is too high",
                    ),
                },
            },
        ),
    ),
    Ok(
        Tx {
            client_id: ClientId(
                4,
            ),
            tx_id: TxId(
                11,
            ),
            kind: Deposit(
                TxDeposit {
                    amount_deposited: PositiveAmount(
                        111111111111111.1111,
                    ),
                },
            ),
        },
    ),
    Err(
        Error(
            Deserialize {
                pos: Some(
                    Position {
                        byte: 366,
                        line: 13,
                        record: 12,
                    },
                ),
                err: DeserializeError {
                    field: None,
                    kind: Message(
                        "too big integral",
                    ),
                },
            },
        ),
    ),
]
