---
source: src/input/tests.rs
expression: output
---
[
    Ok(
        Tx {
            client_id: ClientId(
                1,
            ),
            tx_id: TxId(
                1,
            ),
            kind: Withdrawal(
                TxWithdrawal {
                    amount_withdrawn: PositiveAmount(
                        1.0,
                    ),
                },
            ),
        },
    ),
    Err(
        "CSV deserialize error: record 2 (line: 3, byte: 59): expected positive amount; got: 0.0",
    ),
    Err(
        "CSV deserialize error: record 3 (line: 4, byte: 87): expected positive amount; got: -1.0",
    ),
    Ok(
        Tx {
            client_id: ClientId(
                2,
            ),
            tx_id: TxId(
                4,
            ),
            kind: Withdrawal(
                TxWithdrawal {
                    amount_withdrawn: PositiveAmount(
                        1.0,
                    ),
                },
            ),
        },
    ),
    Err(
        "CSV deserialize error: record 5 (line: 6, byte: 142): expected positive amount; got: 0.0",
    ),
    Err(
        "CSV deserialize error: record 6 (line: 7, byte: 168): expected positive amount; got: -1.0",
    ),
    Ok(
        Tx {
            client_id: ClientId(
                3,
            ),
            tx_id: TxId(
                7,
            ),
            kind: Withdrawal(
                TxWithdrawal {
                    amount_withdrawn: PositiveAmount(
                        1.0,
                    ),
                },
            ),
        },
    ),
    Ok(
        Tx {
            client_id: ClientId(
                3,
            ),
            tx_id: TxId(
                8,
            ),
            kind: Withdrawal(
                TxWithdrawal {
                    amount_withdrawn: PositiveAmount(
                        1.0001,
                    ),
                },
            ),
        },
    ),
    Err(
        "CSV deserialize error: record 9 (line: 10, byte: 257): requested precision is too high",
    ),
    Err(
        "CSV deserialize error: record 10 (line: 11, byte: 289): requested precision is too high",
    ),
    Ok(
        Tx {
            client_id: ClientId(
                4,
            ),
            tx_id: TxId(
                11,
            ),
            kind: Withdrawal(
                TxWithdrawal {
                    amount_withdrawn: PositiveAmount(
                        111111111111111.1111,
                    ),
                },
            ),
        },
    ),
    Ok(
        Tx {
            client_id: ClientId(
                4,
            ),
            tx_id: TxId(
                12,
            ),
            kind: Withdrawal(
                TxWithdrawal {
                    amount_withdrawn: PositiveAmount(
                        1111111111111111.1111,
                    ),
                },
            ),
        },
    ),
    Ok(
        Tx {
            client_id: ClientId(
                5,
            ),
            tx_id: TxId(
                13,
            ),
            kind: Withdrawal(
                TxWithdrawal {
                    amount_withdrawn: PositiveAmount(
                        11111111111111111111111111111111111.1111,
                    ),
                },
            ),
        },
    ),
    Err(
        "CSV deserialize error: record 14 (line: 15, byte: 477): too big integral",
    ),
]
